// Jest Snapshot v1, https://goo.gl/fbAQLP

exports[`Dashboard should check the visibility of the text 1`] = `"<h2 class=\\"utrecht-heading-2 utrecht-heading-2--distanced\\">Huishoudboekje</h2><div class=\\"css-1onplc2\\"><div class=\\"css-0\\"><div class=\\"MuiPaper-root MuiCard-root denhaag-card MuiPaper-elevation1 MuiPaper-rounded\\"><div class=\\"denhaag-card__wrapper\\"><div class=\\"denhaag-card__background\\"></div><div class=\\"MuiCardContent-root denhaag-card__content\\"><div class=\\"denhaag-card__text-wrapper\\"><p class=\\"MuiTypography-root denhaag-card__title MuiTypography-body1\\"><a>Toekomst</a></p><p class=\\"MuiTypography-root denhaag-card__subtitle MuiTypography-body1\\">Verwachte transacties</p></div><div class=\\"MuiCardActions-root denhaag-card__actions\\"><span class=\\"material-icons MuiIcon-root denhaag-card__arrow\\" aria-hidden=\\"true\\" aria-label=\\"ArrowRightIcon\\"><svg width=\\"1em\\" height=\\"1em\\" viewBox=\\"0 0 24 24\\" fill=\\"none\\" xmlns=\\"http://www.w3.org/2000/svg\\" class=\\"denhaag-icon\\" focusable=\\"false\\" aria-hidden=\\"true\\" shape-rendering=\\"auto\\"><path d=\\"M12.293 5.293a1 1 0 011.414 0l6 6a1 1 0 010 1.414l-6 6a1 1 0 01-1.414-1.414L16.586 13H5a1 1 0 110-2h11.586l-4.293-4.293a1 1 0 010-1.414z\\" fill=\\"currentColor\\"></path></svg></span></div></div></div></div></div><div class=\\"css-0\\"><div class=\\"MuiPaper-root MuiCard-root denhaag-card MuiPaper-elevation1 MuiPaper-rounded\\"><div class=\\"denhaag-card__wrapper\\"><div class=\\"denhaag-card__background\\"></div><div class=\\"MuiCardContent-root denhaag-card__content\\"><div class=\\"denhaag-card__text-wrapper\\"><p class=\\"MuiTypography-root denhaag-card__title MuiTypography-body1\\"><a>Banktransacties</a></p><p class=\\"MuiTypography-root denhaag-card__subtitle MuiTypography-body1\\">Overzicht van alle bij- en afschrijvingen.</p></div><div class=\\"MuiCardActions-root denhaag-card__actions\\"><span class=\\"material-icons MuiIcon-root denhaag-card__arrow\\" aria-hidden=\\"true\\" aria-label=\\"ArrowRightIcon\\"><svg width=\\"1em\\" height=\\"1em\\" viewBox=\\"0 0 24 24\\" fill=\\"none\\" xmlns=\\"http://www.w3.org/2000/svg\\" class=\\"denhaag-icon\\" focusable=\\"false\\" aria-hidden=\\"true\\" shape-rendering=\\"auto\\"><path d=\\"M12.293 5.293a1 1 0 011.414 0l6 6a1 1 0 010 1.414l-6 6a1 1 0 01-1.414-1.414L16.586 13H5a1 1 0 110-2h11.586l-4.293-4.293a1 1 0 010-1.414z\\" fill=\\"currentColor\\"></path></svg></span></div></div></div></div></div><div class=\\"css-0\\"><div class=\\"MuiPaper-root MuiCard-root denhaag-card MuiPaper-elevation1 MuiPaper-rounded\\"><div class=\\"denhaag-card__wrapper\\"><div class=\\"denhaag-card__background\\"></div><div class=\\"MuiCardContent-root denhaag-card__content\\"><div class=\\"denhaag-card__text-wrapper\\"><p class=\\"MuiTypography-root denhaag-card__title MuiTypography-body1\\"><a>Mijn gegevens</a></p><p class=\\"MuiTypography-root denhaag-card__subtitle MuiTypography-body1\\"></p></div><div class=\\"MuiCardActions-root denhaag-card__actions\\"><span class=\\"material-icons MuiIcon-root denhaag-card__arrow\\" aria-hidden=\\"true\\" aria-label=\\"ArrowRightIcon\\"><svg width=\\"1em\\" height=\\"1em\\" viewBox=\\"0 0 24 24\\" fill=\\"none\\" xmlns=\\"http://www.w3.org/2000/svg\\" class=\\"denhaag-icon\\" focusable=\\"false\\" aria-hidden=\\"true\\" shape-rendering=\\"auto\\"><path d=\\"M12.293 5.293a1 1 0 011.414 0l6 6a1 1 0 010 1.414l-6 6a1 1 0 01-1.414-1.414L16.586 13H5a1 1 0 110-2h11.586l-4.293-4.293a1 1 0 010-1.414z\\" fill=\\"currentColor\\"></path></svg></span></div></div></div></div></div><div class=\\"css-0\\"><div class=\\"MuiPaper-root MuiCard-root denhaag-card MuiPaper-elevation1 MuiPaper-rounded\\"><div class=\\"denhaag-card__wrapper\\"><div class=\\"denhaag-card__background\\"></div><div class=\\"MuiCardContent-root denhaag-card__content\\"><div class=\\"denhaag-card__text-wrapper\\"><p class=\\"MuiTypography-root denhaag-card__title MuiTypography-body1\\"><a>Afspraken</a></p><p class=\\"MuiTypography-root denhaag-card__subtitle MuiTypography-body1\\">Overzicht van alle afspraken.</p></div><div class=\\"MuiCardActions-root denhaag-card__actions\\"><span class=\\"material-icons MuiIcon-root denhaag-card__arrow\\" aria-hidden=\\"true\\" aria-label=\\"ArrowRightIcon\\"><svg width=\\"1em\\" height=\\"1em\\" viewBox=\\"0 0 24 24\\" fill=\\"none\\" xmlns=\\"http://www.w3.org/2000/svg\\" class=\\"denhaag-icon\\" focusable=\\"false\\" aria-hidden=\\"true\\" shape-rendering=\\"auto\\"><path d=\\"M12.293 5.293a1 1 0 011.414 0l6 6a1 1 0 010 1.414l-6 6a1 1 0 01-1.414-1.414L16.586 13H5a1 1 0 110-2h11.586l-4.293-4.293a1 1 0 010-1.414z\\" fill=\\"currentColor\\"></path></svg></span></div></div></div></div></div></div>"`;
