// Jest Snapshot v1, https://goo.gl/fbAQLP

exports[`Asterisk Renders asterisk component 1`] = `"<div class=\\"chakra-stack css-193rmy8\\"><p class=\\"chakra-text css-zov4ca\\">*</p><p class=\\"chakra-text css-0\\">forms.asterisk</p></div>"`;
