// Jest Snapshot v1, https://goo.gl/fbAQLP

exports[`Dashed button Check the onClick 1`] = `"<button type=\\"button\\" class=\\"chakra-button css-1c6t2lx\\"><span class=\\"chakra-button__icon css-1wh2kri\\"><svg viewBox=\\"0 0 24 24\\" focusable=\\"false\\" class=\\"chakra-icon css-onkibi\\" aria-hidden=\\"true\\"><path fill=\\"currentColor\\" d=\\"M0,12a1.5,1.5,0,0,0,1.5,1.5h8.75a.25.25,0,0,1,.25.25V22.5a1.5,1.5,0,0,0,3,0V13.75a.25.25,0,0,1,.25-.25H22.5a1.5,1.5,0,0,0,0-3H13.75a.25.25,0,0,1-.25-.25V1.5a1.5,1.5,0,0,0-3,0v8.75a.25.25,0,0,1-.25.25H1.5A1.5,1.5,0,0,0,0,12Z\\"></path></svg></span>Opslaan</button>"`;

exports[`Dashed button Show dashed button with default label 1`] = `"<button type=\\"button\\" class=\\"chakra-button css-1c6t2lx\\"><span class=\\"chakra-button__icon css-1wh2kri\\"><svg viewBox=\\"0 0 24 24\\" focusable=\\"false\\" class=\\"chakra-icon css-onkibi\\" aria-hidden=\\"true\\"><path fill=\\"currentColor\\" d=\\"M0,12a1.5,1.5,0,0,0,1.5,1.5h8.75a.25.25,0,0,1,.25.25V22.5a1.5,1.5,0,0,0,3,0V13.75a.25.25,0,0,1,.25-.25H22.5a1.5,1.5,0,0,0,0-3H13.75a.25.25,0,0,1-.25-.25V1.5a1.5,1.5,0,0,0-3,0v8.75a.25.25,0,0,1-.25.25H1.5A1.5,1.5,0,0,0,0,12Z\\"></path></svg></span>global.actions.add</button>"`;

exports[`Dashed button Show dashed button with label 1`] = `"<button type=\\"button\\" class=\\"chakra-button css-1c6t2lx\\"><span class=\\"chakra-button__icon css-1wh2kri\\"><svg viewBox=\\"0 0 24 24\\" focusable=\\"false\\" class=\\"chakra-icon css-onkibi\\" aria-hidden=\\"true\\"><path fill=\\"currentColor\\" d=\\"M0,12a1.5,1.5,0,0,0,1.5,1.5h8.75a.25.25,0,0,1,.25.25V22.5a1.5,1.5,0,0,0,3,0V13.75a.25.25,0,0,1,.25-.25H22.5a1.5,1.5,0,0,0,0-3H13.75a.25.25,0,0,1-.25-.25V1.5a1.5,1.5,0,0,0-3,0v8.75a.25.25,0,0,1-.25.25H1.5A1.5,1.5,0,0,0,0,12Z\\"></path></svg></span>Toevoegen</button>"`;
