// Jest Snapshot v1, https://goo.gl/fbAQLP

exports[`Page Renders a menu 1`] = `"<div class=\\"chakra-stack css-137fd6w\\"><div class=\\"chakra-stack css-1oeb4ru\\"><h2 class=\\"chakra-heading print css-0\\">Bankafschriften</h2><div class=\\"chakra-stack css-84zodg\\"><button class=\\"chakra-menu__menu-button chakra-button css-1bpn5qf\\" aria-label=\\"Open menu\\" id=\\"menu-button-:r4:\\" aria-expanded=\\"false\\" aria-haspopup=\\"menu\\" aria-controls=\\"menu-list-:r4:\\" type=\\"button\\"><span class=\\"css-xl71ch\\"><svg viewBox=\\"0 0 24 24\\" focusable=\\"false\\" class=\\"chakra-icon css-onkibi\\" aria-hidden=\\"true\\"><path fill=\\"currentColor\\" d=\\"M10 6a2 2 0 110-4 2 2 0 010 4z M10 12a2 2 0 110-4 2 2 0 010 4z M10 18a2 2 0 110-4 2 2 0 010 4z\\"></path></svg></span></button><div style=\\"visibility: hidden; position: absolute; min-width: max-content; inset: 0 auto auto 0;\\" class=\\"css-0\\"><div class=\\"chakra-menu__menu-list css-sjt5nk\\" tabindex=\\"-1\\" role=\\"menu\\" id=\\"menu-list-:r4:\\" style=\\"transform-origin: var(--popper-transform-origin); opacity: 0; visibility: hidden; transform: scale(0.8) translateZ(0);\\" aria-orientation=\\"vertical\\"><button type=\\"button\\" id=\\"menu-list-:r4:-menuitem-:r5:\\" role=\\"menuitem\\" tabindex=\\"-1\\" class=\\"chakra-menu__menuitem css-1k756t9\\" data-index=\\"0\\">Alle transacties afletteren</button></div></div></div></div></div>"`;

exports[`Page Renders a menu 2`] = `"<div class=\\"chakra-stack css-137fd6w\\"><div class=\\"chakra-stack css-1oeb4ru\\"><h2 class=\\"chakra-heading print css-0\\">Bankafschriften</h2><div class=\\"chakra-stack css-84zodg\\"><button class=\\"chakra-menu__menu-button chakra-button css-1bpn5qf\\" aria-label=\\"Open menu\\" id=\\"menu-button-:r4:\\" aria-expanded=\\"true\\" aria-haspopup=\\"menu\\" aria-controls=\\"menu-list-:r4:\\" type=\\"button\\" data-active=\\"\\"><span class=\\"css-xl71ch\\"><svg viewBox=\\"0 0 24 24\\" focusable=\\"false\\" class=\\"chakra-icon css-onkibi\\" aria-hidden=\\"true\\"><path fill=\\"currentColor\\" d=\\"M10 6a2 2 0 110-4 2 2 0 010 4z M10 12a2 2 0 110-4 2 2 0 010 4z M10 18a2 2 0 110-4 2 2 0 010 4z\\"></path></svg></span></button><div style=\\"visibility: visible; position: absolute; min-width: max-content; inset: 0 auto auto 0; left: 0px; top: 0px; margin: 0px; transform: translate(0px, 8px); --popper-transform-origin: top left;\\" class=\\"css-0\\" data-popper-reference-hidden=\\"\\" data-popper-escaped=\\"\\" data-popper-placement=\\"bottom-start\\"><div class=\\"chakra-menu__menu-list css-sjt5nk\\" tabindex=\\"-1\\" role=\\"menu\\" id=\\"menu-list-:r4:\\" style=\\"transform-origin: var(--popper-transform-origin); opacity: 0; visibility: hidden; transform: scale(0.8) translateZ(0);\\" aria-orientation=\\"vertical\\"><button type=\\"button\\" id=\\"menu-list-:r4:-menuitem-:r5:\\" role=\\"menuitem\\" tabindex=\\"-1\\" class=\\"chakra-menu__menuitem css-1k756t9\\" data-index=\\"0\\">Alle transacties afletteren</button></div></div></div></div></div>"`;

exports[`Page Renders a title 1`] = `"<div class=\\"chakra-stack css-137fd6w\\"><div class=\\"chakra-stack css-1oeb4ru\\"><h2 class=\\"chakra-heading print css-0\\">Bankafschriften</h2><div class=\\"chakra-stack css-84zodg\\"></div></div></div>"`;

exports[`Page Renders component with children 1`] = `"<div class=\\"chakra-stack css-137fd6w\\"><div class=\\"chakra-stack css-1oeb4ru\\"><h2 class=\\"chakra-heading print css-0\\">Bankafschriften</h2><div class=\\"chakra-stack css-84zodg\\"></div></div><p class=\\"chakra-text css-0\\">Hier kunnen verschillende componenten komen te staan.</p></div>"`;

exports[`Page Renders components on the right 1`] = `"<div class=\\"chakra-stack css-137fd6w\\"><div class=\\"chakra-stack css-1oeb4ru\\"><h2 class=\\"chakra-heading print css-0\\">Bankafschriften</h2><div class=\\"chakra-stack css-84zodg\\"><div class=\\"css-0\\"><div class=\\"chakra-stack css-84zodg\\"><p class=\\"chakra-text css-0\\">Tekst zichtbaar</p><button type=\\"button\\" class=\\"chakra-button css-4xx2wk\\">Actie</button></div></div></div></div></div>"`;

exports[`Page Renders components on the right 2`] = `"<div class=\\"chakra-stack css-137fd6w\\"><div class=\\"chakra-stack css-1oeb4ru\\"><h2 class=\\"chakra-heading print css-0\\">Bankafschriften</h2><div class=\\"chakra-stack css-84zodg\\"><div class=\\"css-0\\"><div class=\\"chakra-stack css-84zodg\\"><p class=\\"chakra-text css-0\\">Tekst zichtbaar</p><button type=\\"button\\" class=\\"chakra-button css-4xx2wk\\">Actie</button></div></div></div></div></div>"`;

exports[`Page Renders the page component with all options 1`] = `"<div class=\\"chakra-stack css-137fd6w\\"><div class=\\"css-0\\"><button type=\\"button\\" class=\\"chakra-button css-4xx2wk\\">Click</button></div><div class=\\"chakra-stack css-1oeb4ru\\"><h2 class=\\"chakra-heading print css-0\\">Bankafschriften</h2><div class=\\"chakra-stack css-84zodg\\"><div class=\\"css-0\\"><div role=\\"group\\" class=\\"chakra-button__group css-1ayoy1w\\" data-attached=\\"\\" data-orientation=\\"horizontal\\"><button type=\\"button\\" class=\\"chakra-button css-swbvt8\\">Actie</button><button type=\\"button\\" class=\\"chakra-button css-1fysbuj\\">Actie</button></div></div><button class=\\"chakra-menu__menu-button chakra-button css-1bpn5qf\\" aria-label=\\"Open menu\\" id=\\"menu-button-:r1:\\" aria-expanded=\\"false\\" aria-haspopup=\\"menu\\" aria-controls=\\"menu-list-:r1:\\" type=\\"button\\"><span class=\\"css-xl71ch\\"><svg viewBox=\\"0 0 24 24\\" focusable=\\"false\\" class=\\"chakra-icon css-onkibi\\" aria-hidden=\\"true\\"><path fill=\\"currentColor\\" d=\\"M10 6a2 2 0 110-4 2 2 0 010 4z M10 12a2 2 0 110-4 2 2 0 010 4z M10 18a2 2 0 110-4 2 2 0 010 4z\\"></path></svg></span></button><div style=\\"visibility: hidden; position: absolute; min-width: max-content; inset: 0 auto auto 0;\\" class=\\"css-0\\"><div class=\\"chakra-menu__menu-list css-sjt5nk\\" tabindex=\\"-1\\" role=\\"menu\\" id=\\"menu-list-:r1:\\" style=\\"transform-origin: var(--popper-transform-origin); opacity: 0; visibility: hidden; transform: scale(0.8) translateZ(0);\\" aria-orientation=\\"vertical\\"><button type=\\"button\\" id=\\"menu-list-:r1:-menuitem-:r2:\\" role=\\"menuitem\\" tabindex=\\"-1\\" class=\\"chakra-menu__menuitem css-1k756t9\\" data-index=\\"0\\">Alle transacties afletteren</button></div></div></div></div><div class=\\"chakra-stack css-r7hjxq\\"></div></div>"`;

exports[`Page Renders with a backbutton 1`] = `"<div class=\\"chakra-stack css-137fd6w\\"><div class=\\"css-0\\"><button type=\\"button\\" class=\\"chakra-button css-4xx2wk\\">Click</button></div><div class=\\"chakra-stack css-1oeb4ru\\"><h2 class=\\"chakra-heading print css-0\\">Bankafschriften</h2><div class=\\"chakra-stack css-84zodg\\"></div></div></div>"`;
